// Vitest Snapshot v1, https://vitest.dev/guide/snapshot.html

exports[`Cart component > renders cart 1`] = `
<div>
  <div
    class="_body_d97d86"
  >
    <h1
      class="_title_d97d86"
    >
      Shopping Cart
    </h1>
    <p
      class="_empty_d97d86"
    >
      Your cart is empty!
    </p>
  </div>
</div>
`;
