// Vitest Snapshot v1, https://vitest.dev/guide/snapshot.html

exports[`Header component > renders Header 1`] = `
<div>
  <div
    class="_header_5800ce"
  >
    <h1
      class="_title_5800ce"
    >
      InterPorium
    </h1>
    <div
      class="_nav_5800ce"
    >
      <a
        class="_active_5800ce"
        href="/"
      >
        Home
      </a>
      <a
        href="/shopping"
      >
        Shop
      </a>
      <a
        href="/cart"
      >
        <img
          class="_img_5800ce"
          src="/src/assets/cart-variant.svg"
        />
         
        2
      </a>
    </div>
  </div>
</div>
`;
