// Vitest Snapshot v1, https://vitest.dev/guide/snapshot.html

exports[`Cart component > renders card 1`] = `
<div>
  <div
    class="_card_71d7ae"
  >
    <img
      class="_img_71d7ae"
      src="url"
    />
    <h2
      class="_name_71d7ae"
    >
      title
    </h2>
    <p
      class="_price_71d7ae"
    >
      $
      10
    </p>
  </div>
</div>
`;
